---
source: tui/src/bottom_pane/chat_composer.rs
assertion_line: 5584
expression: terminal.backend()
---
"┌ WECODE ──────────────────────────────────────────────────┐"
"~ /res                                                     │"
"│                                                          │"
"│                                                          │"
"└──────────────────────────────────────────────────────────┘"
"  /resume  resume a saved chat                              "
