---
source: tui/src/bottom_pane/chat_composer.rs
assertion_line: 5444
expression: terminal.backend()
---
"┌ WECODE ──────────────────────────────────────────────────────────────────────────────────────────┐"
"~ Ask wecode to inspect, edit, test, or explain                                                    │"
"│                                                                                                  │"
"│                                                                                                  │"
"│                                                                                                  │"
"│                                                                                                  │"
"│                                                                                                  │"
"│                                                                                                  │"
"└──────────────────────────────────────────────────────────────────────────────────────────────────┘"
"  ? help                                                                         100% context left  "
