---
source: tui/src/bottom_pane/chat_composer.rs
assertion_line: 4038
expression: terminal.backend()
---
"┌ WECODE ──────────────────────────────────────────────────────────────────────────────────────────┐"
"~ Ask wecode to inspect, edit, test, or explain                                                    │"
"│                                                                                                  │"
"│                                                                                                  │"
"│                                                                                                  │"
"│                                                                                                  │"
"│                                                                                                  │"
"└──────────────────────────────────────────────────────────────────────────────────────────────────┘"
"  / for commands                             ! for shell commands                                   "
"  shift + enter for newline                  tab to queue message                                   "
"  @ for file paths                           ctrl + v to paste images                               "
"  ctrl + g to edit in external editor        esc again to edit previous message                     "
"  ctrl + c to exit                                                                                  "
"  ctrl + t to view transcript                                                                       "
